Archive member included to satisfy reference by file (symbol)

c:/st/stm32cubeide_1.11.2/stm32cubeide/plugins/com.st.stm32cube.ide.mcu.externaltools.gnu-tools-for-stm32.10.3-2021.10.win32_1.0.200.202301161003/tools/bin/../lib/gcc/arm-none-eabi/10.3.1/../../../../arm-none-eabi/lib/thumb/v7e-m+fp/hard\libc_nano.a(lib_a-errno.o)
                              ./Core/Src/syscalls.o (__errno)
c:/st/stm32cubeide_1.11.2/stm32cubeide/plugins/com.st.stm32cube.ide.mcu.externaltools.gnu-tools-for-stm32.10.3-2021.10.win32_1.0.200.202301161003/tools/bin/../lib/gcc/arm-none-eabi/10.3.1/../../../../arm-none-eabi/lib/thumb/v7e-m+fp/hard\libc_nano.a(lib_a-exit.o)
                              c:/st/stm32cubeide_1.11.2/stm32cubeide/plugins/com.st.stm32cube.ide.mcu.externaltools.gnu-tools-for-stm32.10.3-2021.10.win32_1.0.200.202301161003/tools/bin/../lib/gcc/arm-none-eabi/10.3.1/../../../../arm-none-eabi/lib/thumb/v7e-m+fp/hard/crt0.o (exit)
c:/st/stm32cubeide_1.11.2/stm32cubeide/plugins/com.st.stm32cube.ide.mcu.externaltools.gnu-tools-for-stm32.10.3-2021.10.win32_1.0.200.202301161003/tools/bin/../lib/gcc/arm-none-eabi/10.3.1/../../../../arm-none-eabi/lib/thumb/v7e-m+fp/hard\libc_nano.a(lib_a-impure.o)
                              c:/st/stm32cubeide_1.11.2/stm32cubeide/plugins/com.st.stm32cube.ide.mcu.externaltools.gnu-tools-for-stm32.10.3-2021.10.win32_1.0.200.202301161003/tools/bin/../lib/gcc/arm-none-eabi/10.3.1/../../../../arm-none-eabi/lib/thumb/v7e-m+fp/hard\libc_nano.a(lib_a-exit.o) (_global_impure_ptr)
c:/st/stm32cubeide_1.11.2/stm32cubeide/plugins/com.st.stm32cube.ide.mcu.externaltools.gnu-tools-for-stm32.10.3-2021.10.win32_1.0.200.202301161003/tools/bin/../lib/gcc/arm-none-eabi/10.3.1/../../../../arm-none-eabi/lib/thumb/v7e-m+fp/hard\libc_nano.a(lib_a-init.o)
                              c:/st/stm32cubeide_1.11.2/stm32cubeide/plugins/com.st.stm32cube.ide.mcu.externaltools.gnu-tools-for-stm32.10.3-2021.10.win32_1.0.200.202301161003/tools/bin/../lib/gcc/arm-none-eabi/10.3.1/../../../../arm-none-eabi/lib/thumb/v7e-m+fp/hard/crt0.o (__libc_init_array)
c:/st/stm32cubeide_1.11.2/stm32cubeide/plugins/com.st.stm32cube.ide.mcu.externaltools.gnu-tools-for-stm32.10.3-2021.10.win32_1.0.200.202301161003/tools/bin/../lib/gcc/arm-none-eabi/10.3.1/../../../../arm-none-eabi/lib/thumb/v7e-m+fp/hard\libc_nano.a(lib_a-memset.o)
                              c:/st/stm32cubeide_1.11.2/stm32cubeide/plugins/com.st.stm32cube.ide.mcu.externaltools.gnu-tools-for-stm32.10.3-2021.10.win32_1.0.200.202301161003/tools/bin/../lib/gcc/arm-none-eabi/10.3.1/../../../../arm-none-eabi/lib/thumb/v7e-m+fp/hard/crt0.o (memset)
c:/st/stm32cubeide_1.11.2/stm32cubeide/plugins/com.st.stm32cube.ide.mcu.externaltools.gnu-tools-for-stm32.10.3-2021.10.win32_1.0.200.202301161003/tools/bin/../lib/gcc/arm-none-eabi/10.3.1/thumb/v7e-m+fp/hard\libgcc.a(_arm_muldf3.o)
                              ./Core/Src/main.o (__aeabi_dmul)
c:/st/stm32cubeide_1.11.2/stm32cubeide/plugins/com.st.stm32cube.ide.mcu.externaltools.gnu-tools-for-stm32.10.3-2021.10.win32_1.0.200.202301161003/tools/bin/../lib/gcc/arm-none-eabi/10.3.1/thumb/v7e-m+fp/hard\libgcc.a(_arm_addsubdf3.o)
                              ./Core/Src/main.o (__aeabi_i2d)
c:/st/stm32cubeide_1.11.2/stm32cubeide/plugins/com.st.stm32cube.ide.mcu.externaltools.gnu-tools-for-stm32.10.3-2021.10.win32_1.0.200.202301161003/tools/bin/../lib/gcc/arm-none-eabi/10.3.1/thumb/v7e-m+fp/hard\libgcc.a(_arm_muldivdf3.o)
                              ./Core/Src/main.o (__aeabi_ddiv)
c:/st/stm32cubeide_1.11.2/stm32cubeide/plugins/com.st.stm32cube.ide.mcu.externaltools.gnu-tools-for-stm32.10.3-2021.10.win32_1.0.200.202301161003/tools/bin/../lib/gcc/arm-none-eabi/10.3.1/thumb/v7e-m+fp/hard\libgcc.a(_arm_truncdfsf2.o)
                              ./Core/Src/main.o (__aeabi_d2f)
c:/st/stm32cubeide_1.11.2/stm32cubeide/plugins/com.st.stm32cube.ide.mcu.externaltools.gnu-tools-for-stm32.10.3-2021.10.win32_1.0.200.202301161003/tools/bin/../lib/gcc/arm-none-eabi/10.3.1/thumb/v7e-m+fp/hard\libgcc.a(_aeabi_ldivmod.o)
                              ./Drivers/STM32F4xx_HAL_Driver/Src/stm32f4xx_hal_rcc.o (__aeabi_ldivmod)
c:/st/stm32cubeide_1.11.2/stm32cubeide/plugins/com.st.stm32cube.ide.mcu.externaltools.gnu-tools-for-stm32.10.3-2021.10.win32_1.0.200.202301161003/tools/bin/../lib/gcc/arm-none-eabi/10.3.1/thumb/v7e-m+fp/hard\libgcc.a(_aeabi_uldivmod.o)
                              ./Drivers/STM32F4xx_HAL_Driver/Src/stm32f4xx_hal_rcc.o (__aeabi_uldivmod)
c:/st/stm32cubeide_1.11.2/stm32cubeide/plugins/com.st.stm32cube.ide.mcu.externaltools.gnu-tools-for-stm32.10.3-2021.10.win32_1.0.200.202301161003/tools/bin/../lib/gcc/arm-none-eabi/10.3.1/thumb/v7e-m+fp/hard\libgcc.a(_udivmoddi4.o)
[...]
Memory Configuration

Name             Origin             Length             Attributes
RAM              0x0000000020000000 0x0000000000018000 xrw
FLASH            0x0000000008000000 0x0000000000080000 xr
*default*        0x0000000000000000 0xffffffffffffffff

Linker script and memory map

LOAD c:/st/stm32cubeide_1.11.2/stm32cubeide/plugins/com.st.stm32cube.ide.mcu.externaltools.gnu-tools-for-stm32.10.3-2021.10.win32_1.0.200.202301161003/tools/bin/../lib/gcc/arm-none-eabi/10.3.1/thumb/v7e-m+fp/hard/crti.o
LOAD c:/st/stm32cubeide_1.11.2/stm32cubeide/plugins/com.st.stm32cube.ide.mcu.externaltools.gnu-tools-for-stm32.10.3-2021.10.win32_1.0.200.202301161003/tools/bin/../lib/gcc/arm-none-eabi/10.3.1/thumb/v7e-m+fp/hard/crtbegin.o
LOAD c:/st/stm32cubeide_1.11.2/stm32cubeide/plugins/com.st.stm32cube.ide.mcu.externaltools.gnu-tools-for-stm32.10.3-2021.10.win32_1.0.200.202301161003/tools/bin/../lib/gcc/arm-none-eabi/10.3.1/../../../../arm-none-eabi/lib/thumb/v7e-m+fp/hard/crt0.o
LOAD ./Core/Src/l6474.o
LOAD ./Core/Src/main.o
LOAD ./Core/Src/stm32f4xx_hal_msp.o
LOAD ./Core/Src/stm32f4xx_it.o
LOAD ./Core/Src/stm32f4xx_nucleo.o
LOAD ./Core/Src/syscalls.o
LOAD ./Core/Src/sysmem.o
LOAD ./Core/Src/system_stm32f4xx.o
LOAD ./Core/Src/x_nucleo_ihm01a1_stm32f4xx.o
LOAD ./Core/Src/x_nucleo_ihmxx.o
LOAD ./Core/Startup/startup_stm32f401retx.o
LOAD ./Drivers/STM32F4xx_HAL_Driver/Src/stm32f4xx_hal.o
LOAD ./Drivers/STM32F4xx_HAL_Driver/Src/stm32f4xx_hal_adc.o
LOAD ./Drivers/STM32F4xx_HAL_Driver/Src/stm32f4xx_hal_adc_ex.o
LOAD ./Drivers/STM32F4xx_HAL_Driver/Src/stm32f4xx_hal_cortex.o
LOAD ./Drivers/STM32F4xx_HAL_Driver/Src/stm32f4xx_hal_dma.o
LOAD ./Drivers/STM32F4xx_HAL_Driver/Src/stm32f4xx_hal_dma_ex.o
LOAD ./Drivers/STM32F4xx_HAL_Driver/Src/stm32f4xx_hal_exti.o
LOAD ./Drivers/STM32F4xx_HAL_Driver/Src/stm32f4xx_hal_flash.o
LOAD ./Drivers/STM32F4xx_HAL_Driver/Src/stm32f4xx_hal_flash_ex.o
LOAD ./Drivers/STM32F4xx_HAL_Driver/Src/stm32f4xx_hal_flash_ramfunc.o
LOAD ./Drivers/STM32F4xx_HAL_Driver/Src/stm32f4xx_hal_gpio.o
LOAD ./Drivers/STM32F4xx_HAL_Driver/Src/stm32f4xx_hal_pwr.o
LOAD ./Drivers/STM32F4xx_HAL_Driver/Src/stm32f4xx_hal_pwr_ex.o
LOAD ./Drivers/STM32F4xx_HAL_Driver/Src/stm32f4xx_hal_rcc.o
LOAD ./Drivers/STM32F4xx_HAL_Driver/Src/stm32f4xx_hal_rcc_ex.o
LOAD ./Drivers/STM32F4xx_HAL_Driver/Src/stm32f4xx_hal_rtc.o
LOAD ./Drivers/STM32F4xx_HAL_Driver/Src/stm32f4xx_hal_rtc_ex.o
LOAD ./Drivers/STM32F4xx_HAL_Driver/Src/stm32f4xx_hal_spi.o
LOAD ./Drivers/STM32F4xx_HAL_Driver/Src/stm32f4xx_hal_tim.o
LOAD ./Drivers/STM32F4xx_HAL_Driver/Src/stm32f4xx_hal_tim_ex.o
LOAD ./Drivers/STM32F4xx_HAL_Driver/Src/stm32f4xx_hal_uart.o
LOAD ./Drivers/STM32F4xx_HAL_Driver/Src/stm32f4xx_ll_adc.o
START GROUP
LOAD c:/st/stm32cubeide_1.11.2/stm32cubeide/plugins/com.st.stm32cube.ide.mcu.externaltools.gnu-tools-for-stm32.10.3-2021.10.win32_1.0.200.202301161003/tools/bin/../lib/gcc/arm-none-eabi/10.3.1/../../../../arm-none-eabi/lib/thumb/v7e-m+fp/hard\libc_nano.a
LOAD c:/st/stm32cubeide_1.11.2/stm32cubeide/plugins/com.st.stm32cube.ide.mcu.externaltools.gnu-tools-for-stm32.10.3-2021.10.win32_1.0.200.202301161003/tools/bin/../lib/gcc/arm-none-eabi/10.3.1/../../../../arm-none-eabi/lib/thumb/v7e-m+fp/hard\libm.a
END GROUP
START GROUP
LOAD c:/st/stm32cubeide_1.11.2/stm32cubeide/plugins/com.st.stm32cube.ide.mcu.externaltools.gnu-tools-for-stm32.10.3-2021.10.win32_1.0.200.202301161003/tools/bin/../lib/gcc/arm-none-eabi/10.3.1/thumb/v7e-m+fp/hard\libgcc.a
LOAD c:/st/stm32cubeide_1.11.2/stm32cubeide/plugins/com.st.stm32cube.ide.mcu.externaltools.gnu-tools-for-stm32.10.3-2021.10.win32_1.0.200.202301161003/tools/bin/../lib/gcc/arm-none-eabi/10.3.1/../../../../arm-none-eabi/lib/thumb/v7e-m+fp/hard\libc_nano.a
END GROUP
START GROUP
LOAD c:/st/stm32cubeide_1.11.2/stm32cubeide/plugins/com.st.stm32cube.ide.mcu.externaltools.gnu-tools-for-stm32.10.3-2021.10.win32_1.0.200.202301161003/tools/bin/../lib/gcc/arm-none-eabi/10.3.1/thumb/v7e-m+fp/hard\libgcc.a
LOAD c:/st/stm32cubeide_1.11.2/stm32cubeide/plugins/com.st.stm32cube.ide.mcu.externaltools.gnu-tools-for-stm32.10.3-2021.10.win32_1.0.200.202301161003/tools/bin/../lib/gcc/arm-none-eabi/10.3.1/../../../../arm-none-eabi/lib/thumb/v7e-m+fp/hard\libc_nano.a
LOAD c:/st/stm32cubeide_1.11.2/stm32cubeide/plugins/com.st.stm32cube.ide.mcu.externaltools.gnu-tools-for-stm32.10.3-2021.10.win32_1.0.200.202301161003/tools/bin/../lib/gcc/arm-none-eabi/10.3.1/../../../../arm-none-eabi/lib/thumb/v7e-m+fp/hard\libnosys.a
END GROUP
START GROUP
LOAD c:/st/stm32cubeide_1.11.2/stm32cubeide/plugins/com.st.stm32cube.ide.mcu.externaltools.gnu-tools-for-stm32.10.3-2021.10.win32_1.0.200.202301161003/tools/bin/../lib/gcc/arm-none-eabi/10.3.1/thumb/v7e-m+fp/hard\libgcc.a
LOAD c:/st/stm32cubeide_1.11.2/stm32cubeide/plugins/com.st.stm32cube.ide.mcu.externaltools.gnu-tools-for-stm32.10.3-2021.10.win32_1.0.200.202301161003/tools/bin/../lib/gcc/arm-none-eabi/10.3.1/../../../../arm-none-eabi/lib/thumb/v7e-m+fp/hard\libc_nano.a
LOAD c:/st/stm32cubeide_1.11.2/stm32cubeide/plugins/com.st.stm32cube.ide.mcu.externaltools.gnu-tools-for-stm32.10.3-2021.10.win32_1.0.200.202301161003/tools/bin/../lib/gcc/arm-none-eabi/10.3.1/../../../../arm-none-eabi/lib/thumb/v7e-m+fp/hard\libnosys.a
END GROUP
LOAD c:/st/stm32cubeide_1.11.2/stm32cubeide/plugins/com.st.stm32cube.ide.mcu.externaltools.gnu-tools-for-stm32.10.3-2021.10.win32_1.0.200.202301161003/tools/bin/../lib/gcc/arm-none-eabi/10.3.1/thumb/v7e-m+fp/hard/crtend.o
LOAD c:/st/stm32cubeide_1.11.2/stm32cubeide/plugins/com.st.stm32cube.ide.mcu.externaltools.gnu-tools-for-stm32.10.3-2021.10.win32_1.0.200.202301161003/tools/bin/../lib/gcc/arm-none-eabi/10.3.1/thumb/v7e-m+fp/hard/crtn.o
                0x0000000020018000                _estack = (ORIGIN (RAM) + LENGTH (RAM))
                0x0000000000000200                _Min_Heap_Size = 0x200
                0x0000000000000400                _Min_Stack_Size = 0x400

.isr_vector     0x0000000008000000      0x194
                0x0000000008000000                . = ALIGN (0x4)
 *(.isr_vector)
 .isr_vector    0x0000000008000000      0x194 ./Core/Startup/startup_stm32f401retx.o
                0x0000000008000000                g_pfnVectors
                0x0000000008000194                . = ALIGN (0x4)

.text           0x0000000008000198     0x41f4
                0x0000000008000198                . = ALIGN (0x4)
 *(.text)
 .text          0x0000000008000198       0x40 c:/st/stm32cubeide_1.11.2/stm32cubeide/plugins/com.st.stm32cube.ide.mcu.externaltools.gnu-tools-for-stm32.10.3-2021.10.win32_1.0.200.202301161003/tools/bin/../lib/gcc/arm-none-eabi/10.3.1/thumb/v7e-m+fp/hard/crtbegin.o
 .text          0x00000000080001d8      0x378 c:/st/stm32cubeide_1.11.2/stm32cubeide/plugins/com.st.stm32cube.ide.mcu.externaltools.gnu-tools-for-stm32.10.3-2021.10.win32_1.0.200.202301161003/tools/bin/../lib/gcc/arm-none-eabi/10.3.1/thumb/v7e-m+fp/hard\libgcc.a(_arm_addsubdf3.o)
                0x00000000080001d8                __aeabi_drsub
                0x00000000080001e0                __aeabi_dsub
                0x00000000080001e0                __subdf3
                0x00000000080001e4                __aeabi_dadd
                0x00000000080001e4                __adddf3
                0x000000000800045c                __floatunsidf
                0x000000000800045c                __aeabi_ui2d
                0x000000000800047c                __floatsidf
                0x000000000800047c                __aeabi_i2d
                0x00000000080004a0                __aeabi_f2d
                0x00000000080004a0                __extendsfdf2
                0x00000000080004e4                __floatundidf
                0x00000000080004e4                __aeabi_ul2d
                0x00000000080004f4                __floatdidf
                0x00000000080004f4                __aeabi_l2d
 .text          0x0000000008000550      0x424 c:/st/stm32cubeide_1.11.2/stm32cubeide/plugins/com.st.stm32cube.ide.mcu.externaltools.gnu-tools-for-stm32.10.3-2021.10.win32_1.0.200.202301161003/tools/bin/../lib/gcc/arm-none-eabi/10.3.1/thumb/v7e-m+fp/hard\libgcc.a(_arm_muldivdf3.o)
                0x0000000008000550                __aeabi_dmul
                0x0000000008000550                __muldf3
                0x00000000080007a4                __divdf3
                0x00000000080007a4                __aeabi_ddiv
 .text          0x0000000008000974       0xa0 c:/st/stm32cubeide_1.11.2/stm32cubeide/plugins/com.st.stm32cube.ide.mcu.externaltools.gnu-tools-for-stm32.10.3-2021.10.win32_1.0.200.202301161003/tools/bin/../lib/gcc/arm-none-eabi/10.3.1/thumb/v7e-m+fp/hard\libgcc.a(_arm_truncdfsf2.o)
                0x0000000008000974                __truncdfsf2
                0x0000000008000974                __aeabi_d2f
 .text          0x0000000008000a14       0x30 c:/st/stm32cubeide_1.11.2/stm32cubeide/plugins/com.st.stm32cube.ide.mcu.externaltools.gnu-tools-for-stm32.10.3-2021.10.win32_1.0.200.202301161003/tools/bin/../lib/gcc/arm-none-eabi/10.3.1/thumb/v7e-m+fp/hard\libgcc.a(_aeabi_uldivmod.o)
                0x0000000008000a14                __aeabi_uldivmod
 .text          0x0000000008000a44      0x2d0 c:/st/stm32cubeide_1.11.2/stm32cubeide/plugins/com.st.stm32cube.ide.mcu.externaltools.gnu-tools-for-stm32.10.3-2021.10.win32_1.0.200.202301161003/tools/bin/../lib/gcc/arm-none-eabi/10.3.1/thumb/v7e-m+fp/hard\libgcc.a(_udivmoddi4.o)
                0x0000000008000a44                __udivmoddi4
 .text          0x0000000008000d14        0x4 c:/st/stm32cubeide_1.11.2/stm32cubeide/plugins/com.st.stm32cube.ide.mcu.externaltools.gnu-tools-for-stm32.10.3-2021.10.win32_1.0.200.202301161003/tools/bin/../lib/gcc/arm-none-eabi/10.3.1/thumb/v7e-m+fp/hard\libgcc.a(_dvmd_tls.o)
                0x0000000008000d14                __aeabi_idiv0
                0x0000000008000d14                __aeabi_ldiv0
 *(.text*)
 .text.L6474_AttachErrorHandler
                0x0000000008000d18        0xc ./Core/Src/l6474.o
                0x0000000008000d18                L6474_AttachErrorHandler
 .text.L6474_AttachFlagInterrupt
                0x0000000008000d24        0xc ./Core/Src/l6474.o
                0x0000000008000d24                L6474_AttachFlagInterrupt
 .text.L6474_GetAcceleration
                0x0000000008000d30       0x14 ./Core/Src/l6474.o
                0x0000000008000d30                L6474_GetAcceleration
 .text.L6474_GetCurrentSpeed
                0x0000000008000d44       0x14 ./Core/Src/l6474.o
                0x0000000008000d44                L6474_GetCurrentSpeed
 .text.L6474_GetDeceleration
                0x0000000008000d58       0x14 ./Core/Src/l6474.o
                0x0000000008000d58                L6474_GetDeceleration
 .text.L6474_GetDeviceState
                0x0000000008000d6c       0x14 ./Core/Src/l6474.o
                0x0000000008000d6c                L6474_GetDeviceState
 .text.L6474_GetDirection
                0x0000000008000d80       0x14 ./Core/Src/l6474.o
                0x0000000008000d80                L6474_GetDirection
 .text.L6474_GetFwVersion
                0x0000000008000d94        0x6 ./Core/Src/l6474.o
                0x0000000008000d94                L6474_GetFwVersion
 *fill*         0x0000000008000d9a        0x2 
 .text.L6474_GetMaxSpeed
                0x0000000008000d9c       0x14 ./Core/Src/l6474.o
                0x0000000008000d9c                L6474_GetMaxSpeed
 .text.L6474_GetMinSpeed
                0x0000000008000db0       0x14 ./Core/Src/l6474.o
                0x0000000008000db0                L6474_GetMinSpeed
 .text.L6474_GetNbDevices
                0x0000000008000dc4        0xc ./Core/Src/l6474.o
                0x0000000008000dc4                L6474_GetNbDevices
 .text.L6474_GetStopMode
                0x0000000008000dd0       0x14 ./Core/Src/l6474.o
                0x0000000008000dd0                L6474_GetStopMode
 .text.L6474_ReadId
                0x0000000008000de4        0xc ./Core/Src/l6474.o
                0x0000000008000de4                L6474_ReadId
 .text.L6474_SetNbDevices
                0x0000000008000df0       0x24 ./Core/Src/l6474.o
                0x0000000008000df0                L6474_SetNbDevices
 .text.L6474_SetStopMode
                0x0000000008000e14       0x14 ./Core/Src/l6474.o
                0x0000000008000e14                L6474_SetStopMode
 .text.L6474_SoftStop
                0x0000000008000e28       0x20 ./Core/Src/l6474.o
                0x0000000008000e28                L6474_SoftStop
 .text.L6474_WaitWhileActive
                0x0000000008000e48       0x18 ./Core/Src/l6474.o
                0x0000000008000e48                L6474_WaitWhileActive
 .text.L6474_ErrorHandler
                0x0000000008000e60       0x10 ./Core/Src/l6474.o
                0x0000000008000e60                L6474_ErrorHandler
 .text.L6474_FlagInterruptHandler
                0x0000000008000e70       0x20 ./Core/Src/l6474.o
                0x0000000008000e70                L6474_FlagInterruptHandler
 .text.L6474_ReleaseReset
                0x0000000008000e90        0x4 ./Core/Src/l6474.o
                0x0000000008000e90                L6474_ReleaseReset
 .text.L6474_Reset
                0x0000000008000e94        0x4 ./Core/Src/l6474.o
                0x0000000008000e94                L6474_Reset
 .text.L6474_SetDirection
                0x0000000008000e98       0x28 ./Core/Src/l6474.o
                0x0000000008000e98                L6474_SetDirection
 .text.L6474_SetAcceleration
                0x0000000008000ec0       0x30 ./Core/Src/l6474.o
                0x0000000008000ec0                L6474_SetAcceleration
 .text.L6474_SetDeceleration
                0x0000000008000ef0       0x30 ./Core/Src/l6474.o
                0x0000000008000ef0                L6474_SetDeceleration
 .text.L6474_SetMaxSpeed
                0x0000000008000f20       0x40 ./Core/Src/l6474.o
                0x0000000008000f20                L6474_SetMaxSpeed
 .text.L6474_SetMinSpeed
                0x0000000008000f60       0x40 ./Core/Src/l6474.o
                0x0000000008000f60                L6474_SetMinSpeed
 .text.L6474_GetMotorHandle
                0x0000000008000fa0        0x8 ./Core/Src/l6474.o
                0x0000000008000fa0                L6474_GetMotorHandle
 .text.L6474_ApplySpeed
                0x0000000008000fa8       0x3c ./Core/Src/l6474.o
                0x0000000008000fa8                L6474_ApplySpeed
 .text.L6474_ComputeSpeedProfile
                0x0000000008000fe4       0x6c ./Core/Src/l6474.o
                0x0000000008000fe4                L6474_ComputeSpeedProfile
 .text.L6474_ConvertPosition
                0x0000000008001050        0xe ./Core/Src/l6474.o
                0x0000000008001050                L6474_ConvertPosition
 *fill*         0x000000000800105e        0x2 
 .text.L6474_Ocd_Th_to_Par
                0x0000000008001060       0x30 ./Core/Src/l6474.o
                0x0000000008001060                L6474_Ocd_Th_to_Par
 .text.L6474_Tval_Current_to_Par
                0x0000000008001090       0x30 ./Core/Src/l6474.o
                0x0000000008001090                L6474_Tval_Current_to_Par
 .text.L6474_Tmin_Time_to_Par
                0x00000000080010c0       0x22 ./Core/Src/l6474.o
                0x00000000080010c0                L6474_Tmin_Time_to_Par
 *fill*         0x00000000080010e2        0x2 
 .text.L6474_WriteBytes
                0x00000000080010e4       0x30 ./Core/Src/l6474.o
                0x00000000080010e4                L6474_WriteBytes
 .text.L6474_CmdGetParam
                0x0000000008001114       0xdc ./Core/Src/l6474.o
                0x0000000008001114                L6474_CmdGetParam
 .text.L6474_GetAnalogValue
                0x00000000080011f0       0x84 ./Core/Src/l6474.o
                0x00000000080011f0                L6474_GetAnalogValue
 .text.L6474_GetMark
                0x0000000008001274       0x10 ./Core/Src/l6474.o
                0x0000000008001274                L6474_GetMark
 .text.L6474_GetPosition
                0x0000000008001284       0x10 ./Core/Src/l6474.o
                0x0000000008001284                L6474_GetPosition
 .text.L6474_GetStepMode
                0x0000000008001294       0x1c ./Core/Src/l6474.o
                0x0000000008001294                L6474_GetStepMode
 .text.L6474_ReadStatusRegister
                0x00000000080012b0        0xc ./Core/Src/l6474.o
                0x00000000080012b0                L6474_ReadStatusRegister
 .text.L6474_CmdGetStatus
                0x00000000080012bc       0x9c ./Core/Src/l6474.o
                0x00000000080012bc                L6474_CmdGetStatus
 .text.L6474_CmdSetParam
                0x0000000008001358       0xd4 ./Core/Src/l6474.o
                0x0000000008001358                L6474_CmdSetParam
 .text.L6474_SetAnalogValue
                0x000000000800142c      0x17c ./Core/Src/l6474.o
                0x000000000800142c                L6474_SetAnalogValue
 .text.L6474_SetHome
                0x00000000080015a8       0x32 ./Core/Src/l6474.o
                0x00000000080015a8                L6474_SetHome
 .text.L6474_SetMark
                0x00000000080015da       0x18 ./Core/Src/l6474.o
                0x00000000080015da                L6474_SetMark
 .text.L6474_SetRegisterToGivenValues
                0x00000000080015f2       0x9a ./Core/Src/l6474.o
                0x00000000080015f2                L6474_SetRegisterToGivenValues
 .text.L6474_SetDeviceParamsToGivenValues
                0x000000000800168c       0x48 ./Core/Src/l6474.o
                0x000000000800168c                L6474_SetDeviceParamsToGivenValues
 .text.L6474_SetRegisterToPredefinedValues
                0x00000000080016d4      0x140 ./Core/Src/l6474.o
                0x00000000080016d4                L6474_SetRegisterToPredefinedValues
 .text.L6474_SetDeviceParamsToPredefinedValues
                0x0000000008001814       0x4c ./Core/Src/l6474.o
                0x0000000008001814                L6474_SetDeviceParamsToPredefinedValues
 .text.L6474_SendCommand
                0x0000000008001860       0x68 ./Core/Src/l6474.o
                0x0000000008001860                L6474_SendCommand
 .text.L6474_CmdDisable
                0x00000000080018c8        0x6 ./Core/Src/l6474.o
                0x00000000080018c8                L6474_CmdDisable
 *fill*         0x00000000080018ce        0x2 
 .text.L6474_Init
                0x00000000080018d0       0x58 ./Core/Src/l6474.o
                0x00000000080018d0                L6474_Init
 .text.L6474_HizStop
                0x0000000008001928       0x34 ./Core/Src/l6474.o
                0x0000000008001928                L6474_HizStop
 .text.L6474_HardStop
                0x000000000800195c       0x3c ./Core/Src/l6474.o
                0x000000000800195c                L6474_HardStop
 .text.L6474_StepClockHandler
                0x0000000008001998      0x1e0 ./Core/Src/l6474.o
                0x0000000008001998                L6474_StepClockHandler
 .text.L6474_ResetAllDevices
                0x0000000008001b78       0x38 ./Core/Src/l6474.o
                0x0000000008001b78                L6474_ResetAllDevices
 .text.L6474_SelectStepMode
                0x0000000008001bb0       0x3a ./Core/Src/l6474.o
                0x0000000008001bb0                L6474_SelectStepMode
 .text.L6474_CmdEnable
                0x0000000008001bea        0x6 ./Core/Src/l6474.o
                0x0000000008001bea                L6474_CmdEnable
 .text.L6474_StartMovement
                0x0000000008001bf0       0x3c ./Core/Src/l6474.o
                0x0000000008001bf0                L6474_StartMovement
 .text.L6474_GoTo
                0x0000000008001c2c       0x70 ./Core/Src/l6474.o
                0x0000000008001c2c                L6474_GoTo
 .text.L6474_GoHome
                0x0000000008001c9c        0x6 ./Core/Src/l6474.o
                0x0000000008001c9c                L6474_GoHome
 .text.L6474_GoMark
                0x0000000008001ca2       0x1a ./Core/Src/l6474.o
                0x0000000008001ca2                L6474_GoMark
 .text.L6474_Move
                0x0000000008001cbc       0x58 ./Core/Src/l6474.o
                0x0000000008001cbc                L6474_Move
 .text.L6474_Run
                0x0000000008001d14       0x40 ./Core/Src/l6474.o
                0x0000000008001d14                L6474_Run
 .text.L6474_CmdNop
                0x0000000008001d54        0x6 ./Core/Src/l6474.o
                0x0000000008001d54                L6474_CmdNop
 *fill*         0x0000000008001d5a        0x2 
 .text.ErrorHandler_Shield
                0x0000000008001d5c        0xc ./Core/Src/main.o
                0x0000000008001d5c                ErrorHandler_Shield
 .text.MyFlagInterruptHandler
                0x0000000008001d68        0x6 ./Core/Src/main.o
                0x0000000008001d68                MyFlagInterruptHandler
 *fill*         0x0000000008001d6e        0x2 
 .text.HAL_GPIO_EXTI_Callback
                0x0000000008001d70       0x50 ./Core/Src/main.o
                0x0000000008001d70                HAL_GPIO_EXTI_Callback
 .text.HAL_TIM_PeriodElapsedCallback
                0x0000000008001dc0       0x34 ./Core/Src/main.o
                0x0000000008001dc0                HAL_TIM_PeriodElapsedCallback
 *fill*         0x0000000008001df4        0x4 
 .text.update_pos
                0x0000000008001df8       0x38 ./Core/Src/main.o
                0x0000000008001df8                update_pos
 .text.SystemClock_Config
                0x0000000008001e30       0xa0 ./Core/Src/main.o
                0x0000000008001e30                SystemClock_Config
 .text.startup.main
                0x0000000008001ed0      0x474 ./Core/Src/main.o
                0x0000000008001ed0                main
 .text.Error_Handler
                0x0000000008002344        0x4 ./Core/Src/main.o
                0x0000000008002344                Error_Handler
 .text.HAL_MspInit
                0x0000000008002348       0x3c ./Core/Src/stm32f4xx_hal_msp.o
                0x0000000008002348                HAL_MspInit
 .text.HAL_RTC_MspInit
                0x0000000008002384       0x44 ./Core/Src/stm32f4xx_hal_msp.o
                0x0000000008002384                HAL_RTC_MspInit
 .text.HAL_TIM_Base_MspInit
                0x00000000080023c8       0x44 ./Core/Src/stm32f4xx_hal_msp.o
                0x00000000080023c8                HAL_TIM_Base_MspInit
 .text.HAL_SPI_MspInit
                0x000000000800240c       0xa4 ./Core/Src/stm32f4xx_hal_msp.o
                0x000000000800240c                HAL_SPI_MspInit
 .text.HAL_TIM_PWM_MspInit
                0x00000000080024b0       0xec ./Core/Src/stm32f4xx_hal_msp.o
                0x00000000080024b0                HAL_TIM_PWM_MspInit
 .text.HAL_TIM_PWM_PulseFinishedCallback
                0x000000000800259c       0x88 ./Core/Src/stm32f4xx_hal_msp.o
                0x000000000800259c                HAL_TIM_PWM_PulseFinishedCallback
 .text.NMI_Handler
                0x0000000008002624        0x2 ./Core/Src/stm32f4xx_it.o
                0x0000000008002624                NMI_Handler
 .text.HardFault_Handler
                0x0000000008002626        0x2 ./Core/Src/stm32f4xx_it.o
                0x0000000008002626                HardFault_Handler
 .text.MemManage_Handler
                0x0000000008002628        0x2 ./Core/Src/stm32f4xx_it.o
                0x0000000008002628                MemManage_Handler
 .text.BusFault_Handler
                0x000000000800262a        0x2 ./Core/Src/stm32f4xx_it.o
                0x000000000800262a                BusFault_Handler
 .text.UsageFault_Handler
                0x000000000800262c        0x2 ./Core/Src/stm32f4xx_it.o
                0x000000000800262c                UsageFault_Handler
 .text.SVC_Handler
                0x000000000800262e        0x2 ./Core/Src/stm32f4xx_it.o
                0x000000000800262e                SVC_Handler
 .text.DebugMon_Handler
                0x0000000008002630        0x2 ./Core/Src/stm32f4xx_it.o
                0x0000000008002630                DebugMon_Handler
 .text.PendSV_Handler
                0x0000000008002632        0x2 ./Core/Src/stm32f4xx_it.o
                0x0000000008002632                PendSV_Handler
 .text.SysTick_Handler
                0x0000000008002634        0x4 ./Core/Src/stm32f4xx_it.o
                0x0000000008002634                SysTick_Handler
 .text.EXTI1_IRQHandler
                0x0000000008002638        0x6 ./Core/Src/stm32f4xx_it.o
                0x0000000008002638                EXTI1_IRQHandler
 .text.EXTI2_IRQHandler
                0x000000000800263e        0x6 ./Core/Src/stm32f4xx_it.o
                0x000000000800263e                EXTI2_IRQHandler
 .text.TIM1_UP_TIM10_IRQHandler
                0x0000000008002644        0xc ./Core/Src/stm32f4xx_it.o
                0x0000000008002644                TIM1_UP_TIM10_IRQHandler
 .text.EXTI15_10_IRQHandler
                0x0000000008002650        0x8 ./Core/Src/stm32f4xx_it.o
                0x0000000008002650                EXTI15_10_IRQHandler
 .text.TIM2_IRQHandler
                0x0000000008002658        0xc ./Core/Src/stm32f4xx_it.o
                0x0000000008002658                TIM2_IRQHandler
 .text.TIM3_IRQHandler
                0x0000000008002664        0xc ./Core/Src/stm32f4xx_it.o
                0x0000000008002664                TIM3_IRQHandler
 .text.TIM4_IRQHandler
                0x0000000008002670        0xc ./Core/Src/stm32f4xx_it.o
                0x0000000008002670                TIM4_IRQHandler
 .text.SystemInit
                0x000000000800267c       0x14 ./Core/Src/system_stm32f4xx.o
                0x000000000800267c                SystemInit
 .text.L6474_Board_Delay
                0x0000000008002690        0x4 ./Core/Src/x_nucleo_ihm01a1_stm32f4xx.o
                0x0000000008002690                L6474_Board_Delay
 .text.L6474_Board_DisableIrq
                0x0000000008002694        0x4 ./Core/Src/x_nucleo_ihm01a1_stm32f4xx.o
                0x0000000008002694                L6474_Board_DisableIrq
 .text.L6474_Board_EnableIrq
                0x0000000008002698        0x4 ./Core/Src/x_nucleo_ihm01a1_stm32f4xx.o
                0x0000000008002698                L6474_Board_EnableIrq
 .text.L6474_Board_Pwm1SetFreq
                0x000000000800269c       0x2c ./Core/Src/x_nucleo_ihm01a1_stm32f4xx.o
                0x000000000800269c                L6474_Board_Pwm1SetFreq
 .text.L6474_Board_Pwm2SetFreq
                0x00000000080026c8       0x2c ./Core/Src/x_nucleo_ihm01a1_stm32f4xx.o
                0x00000000080026c8                L6474_Board_Pwm2SetFreq
 .text.L6474_Board_Pwm3SetFreq
                0x00000000080026f4       0x2c ./Core/Src/x_nucleo_ihm01a1_stm32f4xx.o
                0x00000000080026f4                L6474_Board_Pwm3SetFreq
 .text.L6474_Board_PwmInit
                0x0000000008002720       0x70 ./Core/Src/x_nucleo_ihm01a1_stm32f4xx.o
                0x0000000008002720                L6474_Board_PwmInit
 .text.L6474_Board_PwmStop
                0x0000000008002790       0x2c ./Core/Src/x_nucleo_ihm01a1_stm32f4xx.o
                0x0000000008002790                L6474_Board_PwmStop
 .text.L6474_Board_ReleaseReset
                0x00000000080027bc       0x10 ./Core/Src/x_nucleo_ihm01a1_stm32f4xx.o
                0x00000000080027bc                L6474_Board_ReleaseReset
 .text.L6474_Board_Reset
                0x00000000080027cc       0x10 ./Core/Src/x_nucleo_ihm01a1_stm32f4xx.o
                0x00000000080027cc                L6474_Board_Reset
 .text.L6474_Board_GpioInit
                0x00000000080027dc       0xf8 ./Core/Src/x_nucleo_ihm01a1_stm32f4xx.o
                0x00000000080027dc                L6474_Board_GpioInit
 .text.L6474_Board_SetDirectionGpio
                0x00000000080028d4       0x2c ./Core/Src/x_nucleo_ihm01a1_stm32f4xx.o
                0x00000000080028d4                L6474_Board_SetDirectionGpio
 .text.L6474_Board_SpiInit
                0x0000000008002900       0x3c ./Core/Src/x_nucleo_ihm01a1_stm32f4xx.o
                0x0000000008002900                L6474_Board_SpiInit
 .text.L6474_Board_SpiWriteBytes
                0x000000000800293c       0x5c ./Core/Src/x_nucleo_ihm01a1_stm32f4xx.o
                0x000000000800293c                L6474_Board_SpiWriteBytes
 .text.l647x_GetMotorHandle
                0x0000000008002998        0x4 ./Core/Src/x_nucleo_ihmxx.o
                0x0000000008002998                l647x_GetMotorHandle
 .text.l648x_GetMotorHandle
                0x000000000800299c        0x4 ./Core/Src/x_nucleo_ihmxx.o
                0x000000000800299c                l648x_GetMotorHandle
 .text.Powerstep01_GetMotorHandle
                0x00000000080029a0        0x4 ./Core/Src/x_nucleo_ihmxx.o
                0x00000000080029a0                Powerstep01_GetMotorHandle
 .text.L6206_GetMotorHandle
                0x00000000080029a4        0x4 ./Core/Src/x_nucleo_ihmxx.o
                0x00000000080029a4                L6206_GetMotorHandle
 .text.L6208_GetMotorHandle
                0x00000000080029a8        0x4 ./Core/Src/x_nucleo_ihmxx.o
                0x00000000080029a8                L6208_GetMotorHandle
 .text.Stspin220_GetMotorHandle
                0x00000000080029ac        0x4 ./Core/Src/x_nucleo_ihmxx.o
                0x00000000080029ac                Stspin220_GetMotorHandle
 .text.Stspin240_250_GetMotorHandle
                0x00000000080029b0        0x4 ./Core/Src/x_nucleo_ihmxx.o
                0x00000000080029b0                Stspin240_250_GetMotorHandle
 .text.BSP_MotorControl_ErrorHandler
                0x00000000080029b4       0x14 ./Core/Src/x_nucleo_ihmxx.o
                0x00000000080029b4                BSP_MotorControl_ErrorHandler
 .text.BSP_MotorControl_AttachErrorHandler
                0x00000000080029c8       0x18 ./Core/Src/x_nucleo_ihmxx.o
                0x00000000080029c8                BSP_MotorControl_AttachErrorHandler
 .text.BSP_MotorControl_AttachFlagInterrupt
                0x00000000080029e0       0x18 ./Core/Src/x_nucleo_ihmxx.o
                0x00000000080029e0                BSP_MotorControl_AttachFlagInterrupt
 .text.BSP_MotorControl_Init
                0x00000000080029f8       0x1c ./Core/Src/x_nucleo_ihmxx.o
                0x00000000080029f8                BSP_MotorControl_Init
 .text.BSP_MotorControl_FlagInterruptHandler
                0x0000000008002a14       0x18 ./Core/Src/x_nucleo_ihmxx.o
                0x0000000008002a14                BSP_MotorControl_FlagInterruptHandler
 .text.BSP_MotorControl_GetDeviceState
                0x0000000008002a2c       0x24 ./Core/Src/x_nucleo_ihmxx.o
                0x0000000008002a2c                BSP_MotorControl_GetDeviceState
 .text.BSP_MotorControl_GetPosition
                0x0000000008002a50       0x24 ./Core/Src/x_nucleo_ihmxx.o
                0x0000000008002a50                BSP_MotorControl_GetPosition
 .text.BSP_MotorControl_HardStop
                0x0000000008002a74       0x18 ./Core/Src/x_nucleo_ihmxx.o
                0x0000000008002a74                BSP_MotorControl_HardStop
 .text.BSP_MotorControl_Move
                0x0000000008002a8c       0x18 ./Core/Src/x_nucleo_ihmxx.o
                0x0000000008002a8c                BSP_MotorControl_Move
 .text.BSP_MotorControl_SetHome
                0x0000000008002aa4       0x18 ./Core/Src/x_nucleo_ihmxx.o
                0x0000000008002aa4                BSP_MotorControl_SetHome
 .text.BSP_MotorControl_SetMaxSpeed
                0x0000000008002abc       0x24 ./Core/Src/x_nucleo_ihmxx.o
                0x0000000008002abc                BSP_MotorControl_SetMaxSpeed
 .text.BSP_MotorControl_SetMinSpeed
                0x0000000008002ae0       0x24 ./Core/Src/x_nucleo_ihmxx.o
                0x0000000008002ae0                BSP_MotorControl_SetMinSpeed
 .text.BSP_MotorControl_StepClockHandler
                0x0000000008002b04       0x18 ./Core/Src/x_nucleo_ihmxx.o
                0x0000000008002b04                BSP_MotorControl_StepClockHandler
 .text.BSP_MotorControl_WaitWhileActive
                0x0000000008002b1c       0x18 ./Core/Src/x_nucleo_ihmxx.o
                0x0000000008002b1c                BSP_MotorControl_WaitWhileActive
 .text.BSP_MotorControl_CmdGetStatus
                0x0000000008002b34       0x24 ./Core/Src/x_nucleo_ihmxx.o
                0x0000000008002b34                BSP_MotorControl_CmdGetStatus
 .text.BSP_MotorControl_SetNbDevices
                0x0000000008002b58       0xa4 ./Core/Src/x_nucleo_ihmxx.o
                0x0000000008002b58                BSP_MotorControl_SetNbDevices
 .text.Reset_Handler
                0x0000000008002bfc       0x50 ./Core/Startup/startup_stm32f401retx.o
                0x0000000008002bfc                Reset_Handler
 .text.Default_Handler
                0x0000000008002c4c        0x2 ./Core/Startup/startup_stm32f401retx.o
                0x0000000008002c4c                RTC_Alarm_IRQHandler
                0x0000000008002c4c                SPI4_IRQHandler
                0x0000000008002c4c                TIM1_CC_IRQHandler
                0x0000000008002c4c                DMA2_Stream5_IRQHandler
                0x0000000008002c4c                DMA1_Stream5_IRQHandler
                0x0000000008002c4c                PVD_IRQHandler
                0x0000000008002c4c                SDIO_IRQHandler
                0x0000000008002c4c                TAMP_STAMP_IRQHandler
                0x0000000008002c4c                EXTI3_IRQHandler
                0x0000000008002c4c                I2C3_ER_IRQHandler
                0x0000000008002c4c                EXTI0_IRQHandler
                0x0000000008002c4c                I2C2_EV_IRQHandler
                0x0000000008002c4c                DMA1_Stream2_IRQHandler
                0x0000000008002c4c                FPU_IRQHandler
                0x0000000008002c4c                DMA2_Stream2_IRQHandler
                0x0000000008002c4c                SPI1_IRQHandler
                0x0000000008002c4c                TIM1_BRK_TIM9_IRQHandler
                0x0000000008002c4c                DMA2_Stream3_IRQHandler
                0x0000000008002c4c                USART6_IRQHandler
                0x0000000008002c4c                DMA2_Stream0_IRQHandler
                0x0000000008002c4c                I2C1_EV_IRQHandler
                0x0000000008002c4c                DMA1_Stream6_IRQHandler
                0x0000000008002c4c                DMA1_Stream1_IRQHandler
                0x0000000008002c4c                RCC_IRQHandler
                0x0000000008002c4c                Default_Handler
                0x0000000008002c4c                ADC_IRQHandler
                0x0000000008002c4c                DMA1_Stream7_IRQHandler
                0x0000000008002c4c                TIM5_IRQHandler
                0x0000000008002c4c                DMA2_Stream7_IRQHandler
                0x0000000008002c4c                I2C3_EV_IRQHandler
                0x0000000008002c4c                EXTI9_5_IRQHandler
                0x0000000008002c4c                RTC_WKUP_IRQHandler
                0x0000000008002c4c                SPI2_IRQHandler
                0x0000000008002c4c                DMA1_Stream0_IRQHandler
                0x0000000008002c4c                EXTI4_IRQHandler
                0x0000000008002c4c                WWDG_IRQHandler
                0x0000000008002c4c                OTG_FS_WKUP_IRQHandler
                0x0000000008002c4c                TIM1_TRG_COM_TIM11_IRQHandler
                0x0000000008002c4c                USART2_IRQHandler
                0x0000000008002c4c                I2C2_ER_IRQHandler
                0x0000000008002c4c                DMA2_Stream1_IRQHandler
                0x0000000008002c4c                FLASH_IRQHandler
                0x0000000008002c4c                DMA2_Stream4_IRQHandler
                0x0000000008002c4c                USART1_IRQHandler
                0x0000000008002c4c                OTG_FS_IRQHandler
                0x0000000008002c4c                SPI3_IRQHandler
                0x0000000008002c4c                DMA1_Stream4_IRQHandler
                0x0000000008002c4c                I2C1_ER_IRQHandler
                0x0000000008002c4c                DMA2_Stream6_IRQHandler
                0x0000000008002c4c                DMA1_Stream3_IRQHandler
 *fill*         0x0000000008002c4e        0x2 
 .text.HAL_InitTick
                0x0000000008002c50       0x48 ./Drivers/STM32F4xx_HAL_Driver/Src/stm32f4xx_hal.o
                0x0000000008002c50                HAL_InitTick
 .text.HAL_Init
                0x0000000008002c98       0x34 ./Drivers/STM32F4xx_HAL_Driver/Src/stm32f4xx_hal.o
                0x0000000008002c98                HAL_Init
 .text.HAL_IncTick
                0x0000000008002ccc       0x18 ./Drivers/STM32F4xx_HAL_Driver/Src/stm32f4xx_hal.o
                0x0000000008002ccc                HAL_IncTick
 .text.HAL_GetTick
                0x0000000008002ce4        0xc ./Drivers/STM32F4xx_HAL_Driver/Src/stm32f4xx_hal.o
                0x0000000008002ce4                HAL_GetTick
 .text.HAL_Delay
                0x0000000008002cf0       0x28 ./Drivers/STM32F4xx_HAL_Driver/Src/stm32f4xx_hal.o
                0x0000000008002cf0                HAL_Delay
 .text.HAL_NVIC_SetPriorityGrouping
                0x0000000008002d18       0x24 ./Drivers/STM32F4xx_HAL_Driver/Src/stm32f4xx_hal_cortex.o
                0x0000000008002d18                HAL_NVIC_SetPriorityGrouping
 .text.HAL_NVIC_SetPriority
                0x0000000008002d3c       0x64 ./Drivers/STM32F4xx_HAL_Driver/Src/stm32f4xx_hal_cortex.o
                0x0000000008002d3c                HAL_NVIC_SetPriority
 .text.HAL_NVIC_EnableIRQ
                0x0000000008002da0       0x1c ./Drivers/STM32F4xx_HAL_Driver/Src/stm32f4xx_hal_cortex.o
                0x0000000008002da0                HAL_NVIC_EnableIRQ
 .text.HAL_SYSTICK_Config
                0x0000000008002dbc       0x28 ./Drivers/STM32F4xx_HAL_Driver/Src/stm32f4xx_hal_cortex.o
                0x0000000008002dbc                HAL_SYSTICK_Config
 .text.HAL_GPIO_Init
                0x0000000008002de4      0x190 ./Drivers/STM32F4xx_HAL_Driver/Src/stm32f4xx_hal_gpio.o
                0x0000000008002de4                HAL_GPIO_Init
 .text.HAL_GPIO_ReadPin
                0x0000000008002f74        0xc ./Drivers/STM32F4xx_HAL_Driver/Src/stm32f4xx_hal_gpio.o
                0x0000000008002f74                HAL_GPIO_ReadPin
 .text.HAL_GPIO_WritePin
                0x0000000008002f80        0xa ./Drivers/STM32F4xx_HAL_Driver/Src/stm32f4xx_hal_gpio.o
                0x0000000008002f80                HAL_GPIO_WritePin
 .text.HAL_GPIO_TogglePin
                0x0000000008002f8a       0x12 ./Drivers/STM32F4xx_HAL_Driver/Src/stm32f4xx_hal_gpio.o
                0x0000000008002f8a                HAL_GPIO_TogglePin
 .text.HAL_GPIO_EXTI_IRQHandler
                0x0000000008002f9c       0x18 ./Drivers/STM32F4xx_HAL_Driver/Src/stm32f4xx_hal_gpio.o
                0x0000000008002f9c                HAL_GPIO_EXTI_IRQHandler
 .text.HAL_RCC_OscConfig
                0x0000000008002fb4      0x360 ./Drivers/STM32F4xx_HAL_Driver/Src/stm32f4xx_hal_rcc.o
                0x0000000008002fb4                HAL_RCC_OscConfig
 .text.HAL_RCC_GetSysClockFreq
                0x0000000008003314       0x5c ./Drivers/STM32F4xx_HAL_Driver/Src/stm32f4xx_hal_rcc.o
                0x0000000008003314                HAL_RCC_GetSysClockFreq
 .text.HAL_RCC_ClockConfig
                0x0000000008003370      0x138 ./Drivers/STM32F4xx_HAL_Driver/Src/stm32f4xx_hal_rcc.o
                0x0000000008003370                HAL_RCC_ClockConfig
 .text.HAL_RCCEx_PeriphCLKConfig
                0x00000000080034a8      0x140 ./Drivers/STM32F4xx_HAL_Driver/Src/stm32f4xx_hal_rcc_ex.o
                0x00000000080034a8                HAL_RCCEx_PeriphCLKConfig
 .text.HAL_RTC_WaitForSynchro
                0x00000000080035e8       0x30 ./Drivers/STM32F4xx_HAL_Driver/Src/stm32f4xx_hal_rtc.o
                0x00000000080035e8                HAL_RTC_WaitForSynchro
 .text.RTC_EnterInitMode
                0x0000000008003618       0x42 ./Drivers/STM32F4xx_HAL_Driver/Src/stm32f4xx_hal_rtc.o
                0x0000000008003618                RTC_EnterInitMode
 .text.RTC_ExitInitMode
                0x000000000800365a       0x28 ./Drivers/STM32F4xx_HAL_Driver/Src/stm32f4xx_hal_rtc.o
                0x000000000800365a                RTC_ExitInitMode
 .text.HAL_RTC_Init
                0x0000000008003682       0x82 ./Drivers/STM32F4xx_HAL_Driver/Src/stm32f4xx_hal_rtc.o
                0x0000000008003682                HAL_RTC_Init
 .text.RTC_ByteToBcd2
                0x0000000008003704       0x1a ./Drivers/STM32F4xx_HAL_Driver/Src/stm32f4xx_hal_rtc.o
                0x0000000008003704                RTC_ByteToBcd2
 .text.HAL_RTC_SetTime
                0x000000000800371e       0xb8 ./Drivers/STM32F4xx_HAL_Driver/Src/stm32f4xx_hal_rtc.o
                0x000000000800371e                HAL_RTC_SetTime
 .text.HAL_RTC_SetDate
                0x00000000080037d6       0x9a ./Drivers/STM32F4xx_HAL_Driver/Src/stm32f4xx_hal_rtc.o
                0x00000000080037d6                HAL_RTC_SetDate
 .text.SPI_WaitFlagStateUntilTimeout.constprop.0
                0x0000000008003870       0xa8 ./Drivers/STM32F4xx_HAL_Driver/Src/stm32f4xx_hal_spi.o
 .text.SPI_EndRxTxTransaction
                0x0000000008003918       0x58 ./Drivers/STM32F4xx_HAL_Driver/Src/stm32f4xx_hal_spi.o
 .text.HAL_SPI_Init
                0x0000000008003970       0xb8 ./Drivers/STM32F4xx_HAL_Driver/Src/stm32f4xx_hal_spi.o
                0x0000000008003970                HAL_SPI_Init
 .text.HAL_SPI_TransmitReceive
                0x0000000008003a28      0x1e8 ./Drivers/STM32F4xx_HAL_Driver/Src/stm32f4xx_hal_spi.o
                0x0000000008003a28                HAL_SPI_TransmitReceive
 .text.TIM_OC1_SetConfig
                0x0000000008003c10       0x50 ./Drivers/STM32F4xx_HAL_Driver/Src/stm32f4xx_hal_tim.o
 .text.TIM_OC3_SetConfig
                0x0000000008003c60       0x54 ./Drivers/STM32F4xx_HAL_Driver/Src/stm32f4xx_hal_tim.o
 .text.TIM_OC4_SetConfig
                0x0000000008003cb4       0x44 ./Drivers/STM32F4xx_HAL_Driver/Src/stm32f4xx_hal_tim.o
 .text.HAL_TIM_Base_Start_IT
                0x0000000008003cf8       0x64 ./Drivers/STM32F4xx_HAL_Driver/Src/stm32f4xx_hal_tim.o
                0x0000000008003cf8                HAL_TIM_Base_Start_IT
 .text.HAL_TIM_Base_Stop_IT
                0x0000000008003d5c       0x30 ./Drivers/STM32F4xx_HAL_Driver/Src/stm32f4xx_hal_tim.o
                0x0000000008003d5c                HAL_TIM_Base_Stop_IT
 .text.HAL_TIM_OC_DelayElapsedCallback
                0x0000000008003d8c        0x2 ./Drivers/STM32F4xx_HAL_Driver/Src/stm32f4xx_hal_tim.o
                0x0000000008003d8c                HAL_TIM_OC_DelayElapsedCallback
 .text.HAL_TIM_IC_CaptureCallback
                0x0000000008003d8e        0x2 ./Drivers/STM32F4xx_HAL_Driver/Src/stm32f4xx_hal_tim.o
                0x0000000008003d8e                HAL_TIM_IC_CaptureCallback
 .text.HAL_TIM_TriggerCallback
                0x0000000008003d90        0x2 ./Drivers/STM32F4xx_HAL_Driver/Src/stm32f4xx_hal_tim.o
                0x0000000008003d90                HAL_TIM_TriggerCallback
 .text.HAL_TIM_IRQHandler
                0x0000000008003d92      0x144 ./Drivers/STM32F4xx_HAL_Driver/Src/stm32f4xx_hal_tim.o
                0x0000000008003d92                HAL_TIM_IRQHandler
 *fill*         0x0000000008003ed6        0x2 
 .text.TIM_Base_SetConfig
                0x0000000008003ed8       0x9c ./Drivers/STM32F4xx_HAL_Driver/Src/stm32f4xx_hal_tim.o
                0x0000000008003ed8                TIM_Base_SetConfig
 .text.HAL_TIM_Base_Init
                0x0000000008003f74       0x58 ./Drivers/STM32F4xx_HAL_Driver/Src/stm32f4xx_hal_tim.o
                0x0000000008003f74                HAL_TIM_Base_Init
 .text.HAL_TIM_PWM_Init
                0x0000000008003fcc       0x58 ./Drivers/STM32F4xx_HAL_Driver/Src/stm32f4xx_hal_tim.o
                0x0000000008003fcc                HAL_TIM_PWM_Init
 .text.TIM_OC2_SetConfig
                0x0000000008004024       0x58 ./Drivers/STM32F4xx_HAL_Driver/Src/stm32f4xx_hal_tim.o
                0x0000000008004024                TIM_OC2_SetConfig
 .text.HAL_TIM_PWM_ConfigChannel
                0x000000000800407c       0xb8 ./Drivers/STM32F4xx_HAL_Driver/Src/stm32f4xx_hal_tim.o
                0x000000000800407c                HAL_TIM_PWM_ConfigChannel
 .text.TIM_CCxChannelCmd
                0x0000000008004134       0x1c ./Drivers/STM32F4xx_HAL_Driver/Src/stm32f4xx_hal_tim.o
                0x0000000008004134                TIM_CCxChannelCmd
 .text.HAL_TIM_OC_Stop
                0x0000000008004150       0x78 ./Drivers/STM32F4xx_HAL_Driver/Src/stm32f4xx_hal_tim.o
                0x0000000008004150                HAL_TIM_OC_Stop
 .text.HAL_TIM_PWM_Stop
                0x00000000080041c8        0x4 ./Drivers/STM32F4xx_HAL_Driver/Src/stm32f4xx_hal_tim.o
                0x00000000080041c8                HAL_TIM_PWM_Stop
 .text.HAL_TIM_OC_Start_IT
                0x00000000080041cc       0xdc ./Drivers/STM32F4xx_HAL_Driver/Src/stm32f4xx_hal_tim.o
                0x00000000080041cc                HAL_TIM_OC_Start_IT
 .text.HAL_TIM_PWM_Start_IT
                0x00000000080042a8        0x4 ./Drivers/STM32F4xx_HAL_Driver/Src/stm32f4xx_hal_tim.o
                0x00000000080042a8                HAL_TIM_PWM_Start_IT
 .text.HAL_TIMEx_MasterConfigSynchronization
                0x00000000080042ac       0x6c ./Drivers/STM32F4xx_HAL_Driver/Src/stm32f4xx_hal_tim_ex.o
                0x00000000080042ac                HAL_TIMEx_MasterConfigSynchronization
 .text.HAL_TIMEx_CommutCallback
                0x0000000008004318        0x2 ./Drivers/STM32F4xx_HAL_Driver/Src/stm32f4xx_hal_tim_ex.o
                0x0000000008004318                HAL_TIMEx_CommutCallback
 .text.HAL_TIMEx_BreakCallback
                0x000000000800431a        0x2 ./Drivers/STM32F4xx_HAL_Driver/Src/stm32f4xx_hal_tim_ex.o
                0x000000000800431a                HAL_TIMEx_BreakCallback
 .text.__libc_init_array
                0x000000000800431c       0x48 c:/st/stm32cubeide_1.11.2/stm32cubeide/plugins/com.st.stm32cube.ide.mcu.externaltools.gnu-tools-for-stm32.10.3-2021.10.win32_1.0.200.202301161003/tools/bin/../lib/gcc/arm-none-eabi/10.3.1/../../../../arm-none-eabi/lib/thumb/v7e-m+fp/hard\libc_nano.a(lib_a-init.o)
                0x000000000800431c                __libc_init_array
 .text.memset   0x0000000008004364       0x10 c:/st/stm32cubeide_1.11.2/stm32cubeide/plugins/com.st.stm32cube.ide.mcu.externaltools.gnu-tools-for-stm32.10.3-2021.10.win32_1.0.200.202301161003/tools/bin/../lib/gcc/arm-none-eabi/10.3.1/../../../../arm-none-eabi/lib/thumb/v7e-m+fp/hard\libc_nano.a(lib_a-memset.o)
                0x0000000008004364                memset
 *(.glue_7)
 .glue_7        0x0000000008004374        0x0 linker stubs
 *(.glue_7t)
 .glue_7t       0x0000000008004374        0x0 linker stubs
 *(.eh_frame)
 .eh_frame      0x0000000008004374        0x0 c:/st/stm32cubeide_1.11.2/stm32cubeide/plugins/com.st.stm32cube.ide.mcu.externaltools.gnu-tools-for-stm32.10.3-2021.10.win32_1.0.200.202301161003/tools/bin/../lib/gcc/arm-none-eabi/10.3.1/thumb/v7e-m+fp/hard/crtbegin.o
 *(.init)
 .init          0x0000000008004374        0x4 c:/st/stm32cubeide_1.11.2/stm32cubeide/plugins/com.st.stm32cube.ide.mcu.externaltools.gnu-tools-for-stm32.10.3-2021.10.win32_1.0.200.202301161003/tools/bin/../lib/gcc/arm-none-eabi/10.3.1/thumb/v7e-m+fp/hard/crti.o
                0x0000000008004374                _init
 .init          0x0000000008004378        0x8 c:/st/stm32cubeide_1.11.2/stm32cubeide/plugins/com.st.stm32cube.ide.mcu.externaltools.gnu-tools-for-stm32.10.3-2021.10.win32_1.0.200.202301161003/tools/bin/../lib/gcc/arm-none-eabi/10.3.1/thumb/v7e-m+fp/hard/crtn.o
 *(.fini)
 .fini          0x0000000008004380        0x4 c:/st/stm32cubeide_1.11.2/stm32cubeide/plugins/com.st.stm32cube.ide.mcu.externaltools.gnu-tools-for-stm32.10.3-2021.10.win32_1.0.200.202301161003/tools/bin/../lib/gcc/arm-none-eabi/10.3.1/thumb/v7e-m+fp/hard/crti.o
                0x0000000008004380                _fini
 .fini          0x0000000008004384        0x8 c:/st/stm32cubeide_1.11.2/stm32cubeide/plugins/com.st.stm32cube.ide.mcu.externaltools.gnu-tools-for-stm32.10.3-2021.10.win32_1.0.200.202301161003/tools/bin/../lib/gcc/arm-none-eabi/10.3.1/thumb/v7e-m+fp/hard/crtn.o
                0x000000000800438c                . = ALIGN (0x4)
                0x000000000800438c                _etext = .

.vfp11_veneer   0x000000000800438c        0x0
 .vfp11_veneer  0x000000000800438c        0x0 linker stubs

.v4_bx          0x000000000800438c        0x0
 .v4_bx         0x000000000800438c        0x0 linker stubs

.iplt           0x000000000800438c        0x0
 .iplt          0x000000000800438c        0x0 c:/st/stm32cubeide_1.11.2/stm32cubeide/plugins/com.st.stm32cube.ide.mcu.externaltools.gnu-tools-for-stm32.10.3-2021.10.win32_1.0.200.202301161003/tools/bin/../lib/gcc/arm-none-eabi/10.3.1/thumb/v7e-m+fp/hard/crtbegin.o

.rodata         0x000000000800438c       0x10
                0x000000000800438c                . = ALIGN (0x4)
 *(.rodata)
 *(.rodata*)
 .rodata.AHBPrescTable
                0x000000000800438c       0x10 ./Core/Src/system_stm32f4xx.o
                0x000000000800438c                AHBPrescTable
                0x000000000800439c                . = ALIGN (0x4)

.ARM.extab      0x000000000800439c        0x0
                0x000000000800439c                . = ALIGN (0x4)
 *(.ARM.extab* .gnu.linkonce.armextab.*)
                0x000000000800439c                . = ALIGN (0x4)

.ARM            0x000000000800439c        0x8
                0x000000000800439c                . = ALIGN (0x4)
                0x000000000800439c                __exidx_start = .
 *(.ARM.exidx*)
 .ARM.exidx     0x000000000800439c        0x8 c:/st/stm32cubeide_1.11.2/stm32cubeide/plugins/com.st.stm32cube.ide.mcu.externaltools.gnu-tools-for-stm32.10.3-2021.10.win32_1.0.200.202301161003/tools/bin/../lib/gcc/arm-none-eabi/10.3.1/thumb/v7e-m+fp/hard\libgcc.a(_udivmoddi4.o)
                0x00000000080043a4                __exidx_end = .
                0x00000000080043a4                . = ALIGN (0x4)

.rel.dyn        0x00000000080043a4        0x0
 .rel.iplt      0x00000000080043a4        0x0 c:/st/stm32cubeide_1.11.2/stm32cubeide/plugins/com.st.stm32cube.ide.mcu.externaltools.gnu-tools-for-stm32.10.3-2021.10.win32_1.0.200.202301161003/tools/bin/../lib/gcc/arm-none-eabi/10.3.1/thumb/v7e-m+fp/hard/crtbegin.o

.preinit_array  0x00000000080043a4        0x0
                0x00000000080043a4                . = ALIGN (0x4)
                0x00000000080043a4                PROVIDE (__preinit_array_start = .)
 *(.preinit_array*)
                0x00000000080043a4                PROVIDE (__preinit_array_end = .)
                0x00000000080043a4                . = ALIGN (0x4)

.init_array     0x00000000080043a4        0x4
                0x00000000080043a4                . = ALIGN (0x4)
                0x00000000080043a4                PROVIDE (__init_array_start = .)
 *(SORT_BY_NAME(.init_array.*))
 *(.init_array*)
 .init_array    0x00000000080043a4        0x4 c:/st/stm32cubeide_1.11.2/stm32cubeide/plugins/com.st.stm32cube.ide.mcu.externaltools.gnu-tools-for-stm32.10.3-2021.10.win32_1.0.200.202301161003/tools/bin/../lib/gcc/arm-none-eabi/10.3.1/thumb/v7e-m+fp/hard/crtbegin.o
                0x00000000080043a8                PROVIDE (__init_array_end = .)
                0x00000000080043a8                . = ALIGN (0x4)

.fini_array     0x00000000080043a8        0x4
                0x00000000080043a8                . = ALIGN (0x4)
                [!provide]                        PROVIDE (__fini_array_start = .)
 *(SORT_BY_NAME(.fini_array.*))
 *(.fini_array*)
 .fini_array    0x00000000080043a8        0x4 c:/st/stm32cubeide_1.11.2/stm32cubeide/plugins/com.st.stm32cube.ide.mcu.externaltools.gnu-tools-for-stm32.10.3-2021.10.win32_1.0.200.202301161003/tools/bin/../lib/gcc/arm-none-eabi/10.3.1/thumb/v7e-m+fp/hard/crtbegin.o
                [!provide]                        PROVIDE (__fini_array_end = .)
                0x00000000080043ac                . = ALIGN (0x4)
                0x00000000080043ac                _sidata = LOADADDR (.data)

.data           0x0000000020000000      0x1b0 load address 0x00000000080043ac
                0x0000000020000000                . = ALIGN (0x4)
                0x0000000020000000                _sdata = .
 *(.data)
 *(.data*)
 .data.l6474Drv
                0x0000000020000000      0x164 ./Core/Src/l6474.o
                0x0000000020000000                l6474Drv
 .data.FC1_angle
                0x0000000020000164        0x4 ./Core/Src/main.o
                0x0000000020000164                FC1_angle
 .data.FC2_angle
                0x0000000020000168        0x4 ./Core/Src/main.o
                0x0000000020000168                FC2_angle
 .data.gL6474InitParams
                0x000000002000016c       0x2c ./Core/Src/main.o
                0x000000002000016c                gL6474InitParams
 .data.max_angle
                0x0000000020000198        0x4 ./Core/Src/main.o
                0x0000000020000198                max_angle
 .data.min_angle
                0x000000002000019c        0x4 ./Core/Src/main.o
                0x000000002000019c                min_angle
 .data.sweep_time
                0x00000000200001a0        0x4 ./Core/Src/main.o
                0x00000000200001a0                sweep_time
 .data.SystemCoreClock
                0x00000000200001a4        0x4 ./Core/Src/system_stm32f4xx.o
                0x00000000200001a4                SystemCoreClock
 .data.uwTickFreq
                0x00000000200001a8        0x1 ./Drivers/STM32F4xx_HAL_Driver/Src/stm32f4xx_hal.o
                0x00000000200001a8                uwTickFreq
 *fill*         0x00000000200001a9        0x3 
 .data.uwTickPrio
                0x00000000200001ac        0x4 ./Drivers/STM32F4xx_HAL_Driver/Src/stm32f4xx_hal.o
                0x00000000200001ac                uwTickPrio
 *(.RamFunc)
 *(.RamFunc*)
                0x00000000200001b0                . = ALIGN (0x4)
                0x00000000200001b0                _edata = .

.igot.plt       0x00000000200001b0        0x0 load address 0x000000000800455c
 .igot.plt      0x00000000200001b0        0x0 c:/st/stm32cubeide_1.11.2/stm32cubeide/plugins/com.st.stm32cube.ide.mcu.externaltools.gnu-tools-for-stm32.10.3-2021.10.win32_1.0.200.202301161003/tools/bin/../lib/gcc/arm-none-eabi/10.3.1/thumb/v7e-m+fp/hard/crtbegin.o
                0x00000000200001b0                . = ALIGN (0x4)

.bss            0x00000000200001b0      0x278 load address 0x000000000800455c
                0x00000000200001b0                _sbss = .
                0x00000000200001b0                __bss_start__ = _sbss
 *(.bss)
 .bss           0x00000000200001b0       0x1c c:/st/stm32cubeide_1.11.2/stm32cubeide/plugins/com.st.stm32cube.ide.mcu.externaltools.gnu-tools-for-stm32.10.3-2021.10.win32_1.0.200.202301161003/tools/bin/../lib/gcc/arm-none-eabi/10.3.1/thumb/v7e-m+fp/hard/crtbegin.o
 *(.bss*)
 .bss.devicePrm
                0x00000000200001cc       0x78 ./Core/Src/l6474.o
                0x00000000200001cc                devicePrm
 .bss.errorHandlerCallback
                0x0000000020000244        0x4 ./Core/Src/l6474.o
                0x0000000020000244                errorHandlerCallback
 .bss.flagInterruptCallback
                0x0000000020000248        0x4 ./Core/Src/l6474.o
                0x0000000020000248                flagInterruptCallback
 .bss.isrFlag   0x000000002000024c        0x1 ./Core/Src/l6474.o
 *fill*         0x000000002000024d        0x1 
 .bss.l6474DriverInstance
                0x000000002000024e        0x2 ./Core/Src/l6474.o
 .bss.numberOfDevices
                0x0000000020000250        0x1 ./Core/Src/l6474.o
 .bss.spiPreemtionByIsr
                0x0000000020000251        0x1 ./Core/Src/l6474.o
 .bss.spiRxBursts
                0x0000000020000252        0xc ./Core/Src/l6474.o
 .bss.spiTxBursts
                0x000000002000025e        0xc ./Core/Src/l6474.o
 *fill*         0x000000002000026a        0x2 
 .bss.angle     0x000000002000026c        0x4 ./Core/Src/main.o
                0x000000002000026c                angle
 .bss.counter   0x0000000020000270        0x4 ./Core/Src/main.o
                0x0000000020000270                counter
 .bss.gLastError
                0x0000000020000274        0x2 ./Core/Src/main.o
 *fill*         0x0000000020000276        0x2 
 .bss.hrtc      0x0000000020000278       0x20 ./Core/Src/main.o
                0x0000000020000278                hrtc
 .bss.htim10    0x0000000020000298       0x48 ./Core/Src/main.o
                0x0000000020000298                htim10
 .bss.pos       0x00000000200002e0        0x4 ./Core/Src/main.o
                0x00000000200002e0                pos
 .bss.state     0x00000000200002e4        0x4 ./Core/Src/main.o
                0x00000000200002e4                state
 .bss.sweep     0x00000000200002e8        0x4 ./Core/Src/main.o
                0x00000000200002e8                sweep
 .bss.SpiHandle
                0x00000000200002ec       0x58 ./Core/Src/x_nucleo_ihm01a1_stm32f4xx.o
 .bss.hTimPwm1  0x0000000020000344       0x48 ./Core/Src/x_nucleo_ihm01a1_stm32f4xx.o
                0x0000000020000344                hTimPwm1
 .bss.hTimPwm2  0x000000002000038c       0x48 ./Core/Src/x_nucleo_ihm01a1_stm32f4xx.o
                0x000000002000038c                hTimPwm2
 .bss.hTimPwm3  0x00000000200003d4       0x48 ./Core/Src/x_nucleo_ihm01a1_stm32f4xx.o
                0x00000000200003d4                hTimPwm3
 .bss.MotorControlBoardId
                0x000000002000041c        0x2 ./Core/Src/x_nucleo_ihmxx.o
 *fill*         0x000000002000041e        0x2 
 .bss.motorDrvHandle
                0x0000000020000420        0x4 ./Core/Src/x_nucleo_ihmxx.o
 .bss.uwTick    0x0000000020000424        0x4 ./Drivers/STM32F4xx_HAL_Driver/Src/stm32f4xx_hal.o
                0x0000000020000424                uwTick
 *(COMMON)
                0x0000000020000428                . = ALIGN (0x4)
                0x0000000020000428                _ebss = .
                0x0000000020000428                __bss_end__ = _ebss

._user_heap_stack
                0x0000000020000428      0x600 load address 0x000000000800455c
                0x0000000020000428                . = ALIGN (0x8)
                [!provide]                        PROVIDE (end = .)
                0x0000000020000428                PROVIDE (_end = .)
                0x0000000020000628                . = (. + _Min_Heap_Size)
 *fill*         0x0000000020000428      0x200 
                0x0000000020000a28                . = (. + _Min_Stack_Size)
 *fill*         0x0000000020000628      0x400 
                0x0000000020000a28                . = ALIGN (0x8)

/DISCARD/
 libc.a(*)
 libm.a(*)
 libgcc.a(*)

.ARM.attributes
                0x0000000000000000       0x30
 *(.ARM.attributes)
 .ARM.attributes
                0x0000000000000000       0x1e c:/st/stm32cubeide_1.11.2/stm32cubeide/plugins/com.st.stm32cube.ide.mcu.externaltools.gnu-tools-for-stm32.10.3-2021.10.win32_1.0.200.202301161003/tools/bin/../lib/gcc/arm-none-eabi/10.3.1/thumb/v7e-m+fp/hard/crti.o
 .ARM.attributes
                0x000000000000001e       0x34 c:/st/stm32cubeide_1.11.2/stm32cubeide/plugins/com.st.stm32cube.ide.mcu.externaltools.gnu-tools-for-stm32.10.3-2021.10.win32_1.0.200.202301161003/tools/bin/../lib/gcc/arm-none-eabi/10.3.1/thumb/v7e-m+fp/hard/crtbegin.o
 .ARM.attributes
                0x0000000000000052       0x34 ./Core/Src/l6474.o
 .ARM.attributes
                0x0000000000000086       0x34 ./Core/Src/main.o
 .ARM.attributes
                0x00000000000000ba       0x34 ./Core/Src/stm32f4xx_hal_msp.o
 .ARM.attributes
                0x00000000000000ee       0x34 ./Core/Src/stm32f4xx_it.o
 .ARM.attributes
                0x0000000000000122       0x34 ./Core/Src/system_stm32f4xx.o
 .ARM.attributes
                0x0000000000000156       0x34 ./Core/Src/x_nucleo_ihm01a1_stm32f4xx.o
 .ARM.attributes
                0x000000000000018a       0x34 ./Core/Src/x_nucleo_ihmxx.o
 .ARM.attributes
                0x00000000000001be       0x21 ./Core/Startup/startup_stm32f401retx.o
 .ARM.attributes
                0x00000000000001df       0x34 ./Drivers/STM32F4xx_HAL_Driver/Src/stm32f4xx_hal.o
 .ARM.attributes
                0x0000000000000213       0x34 ./Drivers/STM32F4xx_HAL_Driver/Src/stm32f4xx_hal_cortex.o
 .ARM.attributes
                0x0000000000000247       0x34 ./Drivers/STM32F4xx_HAL_Driver/Src/stm32f4xx_hal_gpio.o
 .ARM.attributes
                0x000000000000027b       0x34 ./Drivers/STM32F4xx_HAL_Driver/Src/stm32f4xx_hal_rcc.o
 .ARM.attributes
                0x00000000000002af       0x34 ./Drivers/STM32F4xx_HAL_Driver/Src/stm32f4xx_hal_rcc_ex.o
 .ARM.attributes
                0x00000000000002e3       0x34 ./Drivers/STM32F4xx_HAL_Driver/Src/stm32f4xx_hal_rtc.o
 .ARM.attributes
                0x0000000000000317       0x34 ./Drivers/STM32F4xx_HAL_Driver/Src/stm32f4xx_hal_spi.o
 .ARM.attributes
                0x000000000000034b       0x34 ./Drivers/STM32F4xx_HAL_Driver/Src/stm32f4xx_hal_tim.o
 .ARM.attributes
                0x000000000000037f       0x34 ./Drivers/STM32F4xx_HAL_Driver/Src/stm32f4xx_hal_tim_ex.o
 .ARM.attributes
                0x00000000000003b3       0x34 c:/st/stm32cubeide_1.11.2/stm32cubeide/plugins/com.st.stm32cube.ide.mcu.externaltools.gnu-tools-for-stm32.10.3-2021.10.win32_1.0.200.202301161003/tools/bin/../lib/gcc/arm-none-eabi/10.3.1/../../../../arm-none-eabi/lib/thumb/v7e-m+fp/hard\libc_nano.a(lib_a-init.o)
 .ARM.attributes
                0x00000000000003e7       0x34 c:/st/stm32cubeide_1.11.2/stm32cubeide/plugins/com.st.stm32cube.ide.mcu.externaltools.gnu-tools-for-stm32.10.3-2021.10.win32_1.0.200.202301161003/tools/bin/../lib/gcc/arm-none-eabi/10.3.1/../../../../arm-none-eabi/lib/thumb/v7e-m+fp/hard\libc_nano.a(lib_a-memset.o)
 .ARM.attributes
                0x000000000000041b       0x1e c:/st/stm32cubeide_1.11.2/stm32cubeide/plugins/com.st.stm32cube.ide.mcu.externaltools.gnu-tools-for-stm32.10.3-2021.10.win32_1.0.200.202301161003/tools/bin/../lib/gcc/arm-none-eabi/10.3.1/thumb/v7e-m+fp/hard\libgcc.a(_arm_addsubdf3.o)
 .ARM.attributes
                0x0000000000000439       0x1e c:/st/stm32cubeide_1.11.2/stm32cubeide/plugins/com.st.stm32cube.ide.mcu.externaltools.gnu-tools-for-stm32.10.3-2021.10.win32_1.0.200.202301161003/tools/bin/../lib/gcc/arm-none-eabi/10.3.1/thumb/v7e-m+fp/hard\libgcc.a(_arm_muldivdf3.o)
 .ARM.attributes
                0x0000000000000457       0x1e c:/st/stm32cubeide_1.11.2/stm32cubeide/plugins/com.st.stm32cube.ide.mcu.externaltools.gnu-tools-for-stm32.10.3-2021.10.win32_1.0.200.202301161003/tools/bin/../lib/gcc/arm-none-eabi/10.3.1/thumb/v7e-m+fp/hard\libgcc.a(_arm_truncdfsf2.o)
 .ARM.attributes
                0x0000000000000475       0x1e c:/st/stm32cubeide_1.11.2/stm32cubeide/plugins/com.st.stm32cube.ide.mcu.externaltools.gnu-tools-for-stm32.10.3-2021.10.win32_1.0.200.202301161003/tools/bin/../lib/gcc/arm-none-eabi/10.3.1/thumb/v7e-m+fp/hard\libgcc.a(_aeabi_uldivmod.o)
 .ARM.attributes
                0x0000000000000493       0x34 c:/st/stm32cubeide_1.11.2/stm32cubeide/plugins/com.st.stm32cube.ide.mcu.externaltools.gnu-tools-for-stm32.10.3-2021.10.win32_1.0.200.202301161003/tools/bin/../lib/gcc/arm-none-eabi/10.3.1/thumb/v7e-m+fp/hard\libgcc.a(_udivmoddi4.o)
 .ARM.attributes
                0x00000000000004c7       0x1e c:/st/stm32cubeide_1.11.2/stm32cubeide/plugins/com.st.stm32cube.ide.mcu.externaltools.gnu-tools-for-stm32.10.3-2021.10.win32_1.0.200.202301161003/tools/bin/../lib/gcc/arm-none-eabi/10.3.1/thumb/v7e-m+fp/hard\libgcc.a(_dvmd_tls.o)
 .ARM.attributes
                0x00000000000004e5       0x1e c:/st/stm32cubeide_1.11.2/stm32cubeide/plugins/com.st.stm32cube.ide.mcu.externaltools.gnu-tools-for-stm32.10.3-2021.10.win32_1.0.200.202301161003/tools/bin/../lib/gcc/arm-none-eabi/10.3.1/thumb/v7e-m+fp/hard/crtn.o
OUTPUT(Angle_Sweep_3_new.elf elf32-littlearm)
LOAD linker stubs
LOAD c:/st/stm32cubeide_1.11.2/stm32cubeide/plugins/com.st.stm32cube.ide.mcu.externaltools.gnu-tools-for-stm32.10.3-2021.10.win32_1.0.200.202301161003/tools/bin/../lib/gcc/arm-none-eabi/10.3.1/../../../../arm-none-eabi/lib/thumb/v7e-m+fp/hard\libc.a
LOAD c:/st/stm32cubeide_1.11.2/stm32cubeide/plugins/com.st.stm32cube.ide.mcu.externaltools.gnu-tools-for-stm32.10.3-2021.10.win32_1.0.200.202301161003/tools/bin/../lib/gcc/arm-none-eabi/10.3.1/../../../../arm-none-eabi/lib/thumb/v7e-m+fp/hard\libm.a
LOAD c:/st/stm32cubeide_1.11.2/stm32cubeide/plugins/com.st.stm32cube.ide.mcu.externaltools.gnu-tools-for-stm32.10.3-2021.10.win32_1.0.200.202301161003/tools/bin/../lib/gcc/arm-none-eabi/10.3.1/thumb/v7e-m+fp/hard\libgcc.a

.comment        0x0000000000000000       0x50
 .comment       0x0000000000000000       0x50 ./Core/Src/l6474.o
                                         0x51 (size before relaxing)
 .comment       0x0000000000000050       0x51 ./Core/Src/main.o
 .comment       0x0000000000000050       0x51 ./Core/Src/stm32f4xx_hal_msp.o
 .comment       0x0000000000000050       0x51 ./Core/Src/stm32f4xx_it.o
 .comment       0x0000000000000050       0x51 ./Core/Src/system_stm32f4xx.o
 .comment       0x0000000000000050       0x51 ./Core/Src/x_nucleo_ihm01a1_stm32f4xx.o
 .comment       0x0000000000000050       0x51 ./Core/Src/x_nucleo_ihmxx.o
 .comment       0x0000000000000050       0x51 ./Drivers/STM32F4xx_HAL_Driver/Src/stm32f4xx_hal.o
 .comment       0x0000000000000050       0x51 ./Drivers/STM32F4xx_HAL_Driver/Src/stm32f4xx_hal_cortex.o
 .comment       0x0000000000000050       0x51 ./Drivers/STM32F4xx_HAL_Driver/Src/stm32f4xx_hal_gpio.o
 .comment       0x0000000000000050       0x51 ./Drivers/STM32F4xx_HAL_Driver/Src/stm32f4xx_hal_rcc.o
 .comment       0x0000000000000050       0x51 ./Drivers/STM32F4xx_HAL_Driver/Src/stm32f4xx_hal_rcc_ex.o
 .comment       0x0000000000000050       0x51 ./Drivers/STM32F4xx_HAL_Driver/Src/stm32f4xx_hal_rtc.o
 .comment       0x0000000000000050       0x51 ./Drivers/STM32F4xx_HAL_Driver/Src/stm32f4xx_hal_spi.o
 .comment       0x0000000000000050       0x51 ./Drivers/STM32F4xx_HAL_Driver/Src/stm32f4xx_hal_tim.o
 .comment       0x0000000000000050       0x51 ./Drivers/STM32F4xx_HAL_Driver/Src/stm32f4xx_hal_tim_ex.o

.debug_frame    0x0000000000000000      0x1cc
 .debug_frame   0x0000000000000000       0x2c c:/st/stm32cubeide_1.11.2/stm32cubeide/plugins/com.st.stm32cube.ide.mcu.externaltools.gnu-tools-for-stm32.10.3-2021.10.win32_1.0.200.202301161003/tools/bin/../lib/gcc/arm-none-eabi/10.3.1/../../../../arm-none-eabi/lib/thumb/v7e-m+fp/hard\libc_nano.a(lib_a-init.o)
 .debug_frame   0x000000000000002c       0x20 c:/st/stm32cubeide_1.11.2/stm32cubeide/plugins/com.st.stm32cube.ide.mcu.externaltools.gnu-tools-for-stm32.10.3-2021.10.win32_1.0.200.202301161003/tools/bin/../lib/gcc/arm-none-eabi/10.3.1/../../../../arm-none-eabi/lib/thumb/v7e-m+fp/hard\libc_nano.a(lib_a-memset.o)
 .debug_frame   0x000000000000004c       0xac c:/st/stm32cubeide_1.11.2/stm32cubeide/plugins/com.st.stm32cube.ide.mcu.externaltools.gnu-tools-for-stm32.10.3-2021.10.win32_1.0.200.202301161003/tools/bin/../lib/gcc/arm-none-eabi/10.3.1/thumb/v7e-m+fp/hard\libgcc.a(_arm_addsubdf3.o)
 .debug_frame   0x00000000000000f8       0x50 c:/st/stm32cubeide_1.11.2/stm32cubeide/plugins/com.st.stm32cube.ide.mcu.externaltools.gnu-tools-for-stm32.10.3-2021.10.win32_1.0.200.202301161003/tools/bin/../lib/gcc/arm-none-eabi/10.3.1/thumb/v7e-m+fp/hard\libgcc.a(_arm_muldivdf3.o)
 .debug_frame   0x0000000000000148       0x24 c:/st/stm32cubeide_1.11.2/stm32cubeide/plugins/com.st.stm32cube.ide.mcu.externaltools.gnu-tools-for-stm32.10.3-2021.10.win32_1.0.200.202301161003/tools/bin/../lib/gcc/arm-none-eabi/10.3.1/thumb/v7e-m+fp/hard\libgcc.a(_arm_truncdfsf2.o)
 .debug_frame   0x000000000000016c       0x2c c:/st/stm32cubeide_1.11.2/stm32cubeide/plugins/com.st.stm32cube.ide.mcu.externaltools.gnu-tools-for-stm32.10.3-2021.10.win32_1.0.200.202301161003/tools/bin/../lib/gcc/arm-none-eabi/10.3.1/thumb/v7e-m+fp/hard\libgcc.a(_aeabi_uldivmod.o)
 .debug_frame   0x0000000000000198       0x34 c:/st/stm32cubeide_1.11.2/stm32cubeide/plugins/com.st.stm32cube.ide.mcu.externaltools.gnu-tools-for-stm32.10.3-2021.10.win32_1.0.200.202301161003/tools/bin/../lib/gcc/arm-none-eabi/10.3.1/thumb/v7e-m+fp/hard\libgcc.a(_udivmoddi4.o)
