../Core/Src/l6474.c:224:6:L6474_AttachErrorHandler	0	static
../Core/Src/l6474.c:239:6:L6474_AttachFlagInterrupt	0	static
../Core/Src/l6474.c:520:10:L6474_GetAcceleration	0	static
../Core/Src/l6474.c:566:10:L6474_GetCurrentSpeed	0	static
../Core/Src/l6474.c:576:10:L6474_GetDeceleration	0	static
../Core/Src/l6474.c:586:14:L6474_GetDeviceState	0	static
../Core/Src/l6474.c:596:12:L6474_GetDirection	0	static
../Core/Src/l6474.c:605:10:L6474_GetFwVersion	0	static
../Core/Src/l6474.c:634:10:L6474_GetMaxSpeed	0	static
../Core/Src/l6474.c:644:10:L6474_GetMinSpeed	0	static
../Core/Src/l6474.c:653:9:L6474_GetNbDevices	0	static
../Core/Src/l6474.c:711:17:L6474_GetStopMode	0	static
../Core/Src/l6474.c:871:10:L6474_ReadId	0	static
../Core/Src/l6474.c:1179:6:L6474_SetNbDevices	0	static
../Core/Src/l6474.c:1266:6:L6474_SetStopMode	0	static
../Core/Src/l6474.c:1277:6:L6474_SoftStop	0	static
../Core/Src/l6474.c:1293:6:L6474_WaitWhileActive	0	static
../Core/Src/l6474.c:1437:6:L6474_ErrorHandler	0	static
../Core/Src/l6474.c:1456:6:L6474_FlagInterruptHandler	8	static
../Core/Src/l6474.c:892:6:L6474_ReleaseReset	0	static
../Core/Src/l6474.c:902:6:L6474_Reset	0	static
../Core/Src/l6474.c:1141:6:L6474_SetDirection	4	static
../Core/Src/l6474.c:1004:6:L6474_SetAcceleration	8	static
../Core/Src/l6474.c:1120:6:L6474_SetDeceleration	8	static
../Core/Src/l6474.c:1222:6:L6474_SetMaxSpeed	8	static
../Core/Src/l6474.c:1245:6:L6474_SetMinSpeed	8	static
../Core/Src/l6474.c:614:13:L6474_GetMotorHandle	0	static
../Core/Src/l6474.c:1313:6:L6474_ApplySpeed	0	static
../Core/Src/l6474.c:1356:6:L6474_ComputeSpeedProfile	20	static
../Core/Src/l6474.c:1412:9:L6474_ConvertPosition	0	static
../Core/Src/l6474.c:1926:16:L6474_Ocd_Th_to_Par	8	static
../Core/Src/l6474.c:1936:14:L6474_Ocd_Par_to_Th	0	static
../Core/Src/l6474.c:1946:16:L6474_Tval_Current_to_Par	8	static
../Core/Src/l6474.c:1956:14:L6474_Tval_Par_to_Current	0	static
../Core/Src/l6474.c:1966:14:L6474_Tmin_Par_to_Time	0	static
../Core/Src/l6474.c:1977:16:L6474_Tmin_Time_to_Par	8	static
../Core/Src/l6474.c:1988:6:L6474_WriteBytes	8	static
../Core/Src/l6474.c:270:10:L6474_CmdGetParam	40	static
../Core/Src/l6474.c:535:7:L6474_GetAnalogValue	16	static
../Core/Src/l6474.c:624:9:L6474_GetMark	8	static
../Core/Src/l6474.c:663:9:L6474_GetPosition	8	static
../Core/Src/l6474.c:673:17:L6474_GetStepMode	8	static
../Core/Src/l6474.c:883:10:L6474_ReadStatusRegister	8	static
../Core/Src/l6474.c:348:10:L6474_CmdGetStatus	32	static
../Core/Src/l6474.c:410:6:L6474_CmdSetParam	48	static
../Core/Src/l6474.c:1027:6:L6474_SetAnalogValue	24	static
../Core/Src/l6474.c:1156:6:L6474_SetHome	16	static
../Core/Src/l6474.c:1199:6:L6474_SetMark	0	static
../Core/Src/l6474.c:1571:6:L6474_SetRegisterToGivenValues	16	static
../Core/Src/l6474.c:1516:6:L6474_SetDeviceParamsToGivenValues	12	static
../Core/Src/l6474.c:1622:6:L6474_SetRegisterToPredefinedValues	8	static
../Core/Src/l6474.c:1543:6:L6474_SetDeviceParamsToPredefinedValues	4	static
../Core/Src/l6474.c:1476:6:L6474_SendCommand	24	static
../Core/Src/l6474.c:249:6:L6474_CmdDisable	0	static
../Core/Src/l6474.c:477:6:L6474_Init	16	static
../Core/Src/l6474.c:819:6:L6474_HizStop	8	static
../Core/Src/l6474.c:794:6:L6474_HardStop	16	static
../Core/Src/l6474.c:1788:6:L6474_StepClockHandler	24	static
../Core/Src/l6474.c:911:6:L6474_ResetAllDevices	16	static
../Core/Src/l6474.c:956:6:L6474_SelectStepMode	16	static
../Core/Src/l6474.c:259:6:L6474_CmdEnable	0	static
../Core/Src/l6474.c:1765:6:L6474_StartMovement	8	static
../Core/Src/l6474.c:745:6:L6474_GoTo	16	static
../Core/Src/l6474.c:721:6:L6474_GoHome	0	static
../Core/Src/l6474.c:731:6:L6474_GoMark	8	static
../Core/Src/l6474.c:841:6:L6474_Move	24	static
../Core/Src/l6474.c:933:6:L6474_Run	24	static
../Core/Src/l6474.c:398:6:L6474_CmdNop	0	static
